// Jest Snapshot v1, https://goo.gl/fbAQLP

exports[`renders homepage unchanged 1`] = `
<div>
  <main
    class="container flex min-h-main items-center justify-center p-6"
  >
    <div
      class="rounded-xl border border-border text-card-foreground shadow backdrop-blur-sm max-w-96 bg-transparent/30"
    >
      <div
        class="flex flex-col items-center p-20 max-sm:p-16"
      >
        <img
          alt="Önéletrajz generátor logo"
          class="w-56"
          data-nimg="1"
          decoding="async"
          fetchpriority="high"
          height="170"
          src="/_next/image?url=%2Fcv_gen_logo_v1_white.webp&w=1080&q=75"
          srcset="/_next/image?url=%2Fcv_gen_logo_v1_white.webp&w=640&q=75 1x, /_next/image?url=%2Fcv_gen_logo_v1_white.webp&w=1080&q=75 2x"
          style="color: transparent;"
          width="483"
        />
        <h3
          class="mt-2 font-semibold"
        >
          Önéletrajz generátor
        </h3>
        <a
          href="/create"
        >
          <button
            class="inline-flex items-center justify-center whitespace-nowrap rounded-md font-medium transition-colors hover:brightness-110 focus-visible:outline-none focus-visible:ring-1 focus-visible:ring-ring disabled:pointer-events-none disabled:opacity-50 !text-shadow-sm bg-primary text-primary-foreground shadow-black/30 h-10 min-w-36 px-8 relative mt-12"
          >
            KEZDÉS
            <svg
              class="absolute right-8 translate-x-3.5 opacity-0"
              fill="none"
              height="15"
              viewBox="0 0 15 15"
              width="15"
              xmlns="http://www.w3.org/2000/svg"
            >
              <path
                clip-rule="evenodd"
                d="M6.1584 3.13508C6.35985 2.94621 6.67627 2.95642 6.86514 3.15788L10.6151 7.15788C10.7954 7.3502 10.7954 7.64949 10.6151 7.84182L6.86514 11.8418C6.67627 12.0433 6.35985 12.0535 6.1584 11.8646C5.95694 11.6757 5.94673 11.3593 6.1356 11.1579L9.565 7.49985L6.1356 3.84182C5.94673 3.64036 5.95694 3.32394 6.1584 3.13508Z"
                fill="currentColor"
                fill-rule="evenodd"
              />
            </svg>
          </button>
        </a>
        <button
          class="inline-flex items-center justify-center whitespace-nowrap rounded-md font-medium transition-colors hover:brightness-110 focus-visible:outline-none focus-visible:ring-1 focus-visible:ring-ring disabled:pointer-events-none disabled:opacity-50 hover:bg-accent hover:text-accent-foreground h-10 min-w-36 px-8 mt-2"
        >
          Mi ez?
        </button>
      </div>
    </div>
  </main>
</div>
`;
